kotlin version: 2.0.0
error message: java.io.IOException: java.io.IOException: java.lang.IllegalStateException: Must hold StorageLock read lock to access PagedFileStorage
	at org.jetbrains.kotlin.com.intellij.util.io.ResizeableMappedFile.close(ResizeableMappedFile.java:251)
	at org.jetbrains.kotlin.com.intellij.util.io.PersistentEnumeratorBase.<init>(PersistentEnumeratorBase.java:200)
	at org.jetbrains.kotlin.com.intellij.util.io.PersistentBTreeEnumerator.<init>(PersistentBTreeEnumerator.java:93)
	at org.jetbrains.kotlin.com.intellij.util.io.PersistentEnumerator.createDefaultEnumerator(PersistentEnumerator.java:66)
	at org.jetbrains.kotlin.com.intellij.util.io.PersistentMapImpl.<init>(PersistentMapImpl.java:136)
	at org.jetbrains.kotlin.com.intellij.util.io.PersistentMapBuilder.buildImplementation(PersistentMapBuilder.java:62)
	at org.jetbrains.kotlin.com.intellij.util.io.PersistentMapBuilder.build(PersistentMapBuilder.java:44)
	at org.jetbrains.kotlin.com.intellij.util.io.PersistentHashMap.<init>(PersistentHashMap.java:39)
	at org.jetbrains.kotlin.com.intellij.util.io.PersistentHashMap.<init>(PersistentHashMap.java:54)
	at org.jetbrains.kotlin.incremental.storage.LazyStorage.createMap(LazyStorage.kt:60)
	at org.jetbrains.kotlin.incremental.storage.LazyStorage.getStorageOrCreateNew(LazyStorage.kt:57)
	at org.jetbrains.kotlin.incremental.storage.LazyStorage.set(LazyStorage.kt:78)
	at org.jetbrains.kotlin.incremental.storage.PersistentStorageWrapper.set(PersistentStorage.kt:94)
	at org.jetbrains.kotlin.incremental.LookupStorage.addFileIfNeeded(LookupStorage.kt:165)
	at org.jetbrains.kotlin.incremental.LookupStorage.addAll$lambda$4(LookupStorage.kt:117)
	at org.jetbrains.kotlin.utils.CollectionsKt.keysToMap(collections.kt:117)
	at org.jetbrains.kotlin.incremental.LookupStorage.addAll(LookupStorage.kt:117)
	at org.jetbrains.kotlin.incremental.BuildUtilKt.update(buildUtil.kt:134)
	at com.google.devtools.ksp.LookupStorageWrapperImpl.update(IncrementalContext.kt:240)
	at com.google.devtools.ksp.common.IncrementalContextBase.updateLookupCache(IncrementalContextBase.kt:137)
	at com.google.devtools.ksp.common.IncrementalContextBase.updateCaches(IncrementalContextBase.kt:364)
	at com.google.devtools.ksp.common.IncrementalContextBase.updateCachesAndOutputs(IncrementalContextBase.kt:472)
	at com.google.devtools.ksp.AbstractKotlinSymbolProcessingExtension.doAnalysis(KotlinSymbolProcessingExtension.kt:362)
	at org.jetbrains.kotlin.cli.jvm.compiler.TopDownAnalyzerFacadeForJVM.analyzeFilesWithJavaIntegration(TopDownAnalyzerFacadeForJVM.kt:112)
	at org.jetbrains.kotlin.cli.jvm.compiler.TopDownAnalyzerFacadeForJVM.analyzeFilesWithJavaIntegration$default(TopDownAnalyzerFacadeForJVM.kt:75)
	at org.jetbrains.kotlin.cli.jvm.compiler.KotlinToJVMBytecodeCompiler.analyze$lambda$12(KotlinToJVMBytecodeCompiler.kt:373)
	at org.jetbrains.kotlin.cli.common.messages.AnalyzerWithCompilerReport.analyzeAndReport(AnalyzerWithCompilerReport.kt:115)
	at org.jetbrains.kotlin.cli.jvm.compiler.KotlinToJVMBytecodeCompiler.analyze(KotlinToJVMBytecodeCompiler.kt:364)
	at org.jetbrains.kotlin.cli.jvm.compiler.KotlinToJVMBytecodeCompiler.runFrontendAndGenerateIrUsingClassicFrontend(KotlinToJVMBytecodeCompiler.kt:195)
	at org.jetbrains.kotlin.cli.jvm.compiler.KotlinToJVMBytecodeCompiler.compileModules$cli(KotlinToJVMBytecodeCompiler.kt:106)
	at org.jetbrains.kotlin.cli.jvm.K2JVMCompiler.doExecute(K2JVMCompiler.kt:176)
	at org.jetbrains.kotlin.cli.jvm.K2JVMCompiler.doExecute(K2JVMCompiler.kt:50)
	at org.jetbrains.kotlin.cli.common.CLICompiler.execImpl(CLICompiler.kt:104)
	at org.jetbrains.kotlin.cli.common.CLICompiler.execImpl(CLICompiler.kt:48)
	at org.jetbrains.kotlin.cli.common.CLITool.exec(CLITool.kt:101)
	at org.jetbrains.kotlin.daemon.CompileServiceImpl.compile(CompileServiceImpl.kt:1556)
	at java.base/jdk.internal.reflect.DirectMethodHandleAccessor.invoke(Unknown Source)
	at java.base/java.lang.reflect.Method.invoke(Unknown Source)
	at java.rmi/sun.rmi.server.UnicastServerRef.dispatch(Unknown Source)
	at java.rmi/sun.rmi.transport.Transport$1.run(Unknown Source)
	at java.rmi/sun.rmi.transport.Transport$1.run(Unknown Source)
	at java.base/java.security.AccessController.doPrivileged(Unknown Source)
	at java.rmi/sun.rmi.transport.Transport.serviceCall(Unknown Source)
	at java.rmi/sun.rmi.transport.tcp.TCPTransport.handleMessages(Unknown Source)
	at java.rmi/sun.rmi.transport.tcp.TCPTransport$ConnectionHandler.run0(Unknown Source)
	at java.rmi/sun.rmi.transport.tcp.TCPTransport$ConnectionHandler.lambda$run$0(Unknown Source)
	at java.base/java.security.AccessController.doPrivileged(Unknown Source)
	at java.rmi/sun.rmi.transport.tcp.TCPTransport$ConnectionHandler.run(Unknown Source)
	at java.base/java.util.concurrent.ThreadPoolExecutor.runWorker(Unknown Source)
	at java.base/java.util.concurrent.ThreadPoolExecutor$Worker.run(Unknown Source)
	at java.base/java.lang.Thread.run(Unknown Source)
Caused by: java.io.IOException: java.lang.IllegalStateException: Must hold StorageLock read lock to access PagedFileStorage
	... 51 more
Caused by: java.io.IOException: java.lang.IllegalStateException: Must hold StorageLock read lock to access PagedFileStorage
	at org.jetbrains.kotlin.com.intellij.util.io.PagedFileStorage.close(PagedFileStorage.java:252)
	at org.jetbrains.kotlin.com.intellij.util.io.ResizeableMappedFile.lambda$close$2(ResizeableMappedFile.java:249)
	at org.jetbrains.kotlin.com.intellij.util.ExceptionUtil.runAndCatch(ExceptionUtil.java:149)
	at org.jetbrains.kotlin.com.intellij.util.io.ResizeableMappedFile.close(ResizeableMappedFile.java:249)
	... 50 more
Caused by: java.lang.IllegalStateException: Must hold StorageLock read lock to access PagedFileStorage
	... 54 more
Caused by: java.lang.IllegalStateException: Must hold StorageLock read lock to access PagedFileStorage
	at org.jetbrains.kotlin.com.intellij.util.io.StorageLockContext.checkThreadAccess(StorageLockContext.java:87)
	at org.jetbrains.kotlin.com.intellij.util.io.FilePageCache.getBuffersOrderedForOwner(FilePageCache.java:236)
	at org.jetbrains.kotlin.com.intellij.util.io.FilePageCache.unmapBuffersForOwner(FilePageCache.java:254)
	at org.jetbrains.kotlin.com.intellij.util.io.PagedFileStorage.unmapAll(PagedFileStorage.java:257)
	at org.jetbrains.kotlin.com.intellij.util.io.PagedFileStorage.lambda$close$3(PagedFileStorage.java:244)
	at org.jetbrains.kotlin.com.intellij.util.ExceptionUtil.runAndCatch(ExceptionUtil.java:149)
	at org.jetbrains.kotlin.com.intellij.util.io.PagedFileStorage.close(PagedFileStorage.java:243)
	... 53 more


